[
  {
    "cite": "https://www.plannedparenthood.org › boulder › aborti...",
    "cmpt_rank": 0,
    "crawl_id": null,
    "details": "",
    "lang": "en",
    "lhs_bar": false,
    "qry": "abortion near me",
    "serp_id": "f468833b92bcba04d43b110f32916a4da64153ba553949ace7e451f7",
    "serp_rank": 0,
    "sub_rank": 0,
    "text": "Abortion  Clinics, Pill, Facts, Cost, Information & Methods from Boulder. Trusted health care for nearly 100 years by Planned Parenthood.",
    "timestamp": null,
    "title": "Abortion Service in Boulder, CO - Get the Pill, Facts & Cost",
    "type": "general",
    "url": "https://www.plannedparenthood.org/health-center/colorado/boulder/80302/boulder-2488-90210/abortion"
  },
  {
    "cite": "https://www.plannedparenthood.org › denver › abortion",
    "cmpt_rank": 0,
    "crawl_id": null,
    "details": "",
    "lang": "en",
    "lhs_bar": false,
    "qry": "abortion near me",
    "serp_id": "f468833b92bcba04d43b110f32916a4da64153ba553949ace7e451f7",
    "serp_rank": 1,
    "sub_rank": 1,
    "text": "Abortion  Clinics, Pill, Facts, Cost, Information & Methods from Park Hill. Trusted health care for nearly 100 years by Planned Parenthood.",
    "timestamp": null,
    "title": "Abortion Service in Denver, CO - Get the Pill, Facts & Cost",
    "type": "general",
    "url": "https://www.plannedparenthood.org/health-center/colorado/denver/80207/park-hill-3543-90210/abortion"
  },
  {
    "cmpt_rank": 1,
    "crawl_id": null,
    "details": {
      "directions": "#",
      "website": "https://www.plannedparenthood.org/health-center/colorado/boulder/80302/boulder-2488-90210?utm_campaign=boulder&utm_medium=organic&utm_source=local-listing"
    },
    "lang": "en",
    "lhs_bar": false,
    "qry": "abortion near me",
    "serp_id": "f468833b92bcba04d43b110f32916a4da64153ba553949ace7e451f7",
    "serp_rank": 2,
    "sub_rank": 0,
    "title": "Planned Parenthood - Boulder",
    "type": "local_results",
    "url": "https://www.plannedparenthood.org/health-center/colorado/boulder/80302/boulder-2488-90210?utm_campaign=boulder&utm_medium=organic&utm_source=local-listing"
  },
  {
    "cmpt_rank": 1,
    "crawl_id": null,
    "details": {
      "directions": "#",
      "website": "http://www.drhern.com/"
    },
    "lang": "en",
    "lhs_bar": false,
    "qry": "abortion near me",
    "serp_id": "f468833b92bcba04d43b110f32916a4da64153ba553949ace7e451f7",
    "serp_rank": 3,
    "sub_rank": 1,
    "title": "Boulder Abortion Clinic",
    "type": "local_results",
    "url": "http://www.drhern.com/"
  },
  {
    "cmpt_rank": 1,
    "crawl_id": null,
    "details": {
      "directions": "#",
      "website": "http://www.boulderwomenshealth.org/"
    },
    "lang": "en",
    "lhs_bar": false,
    "qry": "abortion near me",
    "serp_id": "f468833b92bcba04d43b110f32916a4da64153ba553949ace7e451f7",
    "serp_rank": 4,
    "sub_rank": 2,
    "title": "Boulder Valley Women's Health Center",
    "type": "local_results",
    "url": "http://www.boulderwomenshealth.org/"
  },
  {
    "cite": "https://www.drhern.com",
    "cmpt_rank": 2,
    "crawl_id": null,
    "details": "",
    "lang": "en",
    "lhs_bar": false,
    "qry": "abortion near me",
    "serp_id": "f468833b92bcba04d43b110f32916a4da64153ba553949ace7e451f7",
    "serp_rank": 5,
    "sub_rank": 0,
    "text": "Boulder  Abortion  Clinic, Dr. Warren Hern specializes in fetal anomaly abortions. Late  abortion  care, second & third trimester  abortion  in CO.",
    "timestamp": null,
    "title": "Boulder Abortion Clinic",
    "type": "general",
    "url": "https://www.drhern.com/"
  },
  {
    "cite": "https://www.abortionfinder.org",
    "cmpt_rank": 3,
    "crawl_id": null,
    "details": "",
    "lang": "en",
    "lhs_bar": false,
    "qry": "abortion near me",
    "serp_id": "f468833b92bcba04d43b110f32916a4da64153ba553949ace7e451f7",
    "serp_rank": 6,
    "sub_rank": 0,
    "text": "Quickly search the largest directory of trusted  abortion  providers in the U.S. Updated weekly.",
    "timestamp": null,
    "title": "Where Can I Get an Abortion? | U.S. Abortion Clinic Locator",
    "type": "general",
    "url": "https://www.abortionfinder.org/"
  },
  {
    "cite": "https://www.abortionfinder.org › about-us",
    "cmpt_rank": 3,
    "crawl_id": null,
    "details": "",
    "lang": "en",
    "lhs_bar": false,
    "qry": "abortion near me",
    "serp_id": "f468833b92bcba04d43b110f32916a4da64153ba553949ace7e451f7",
    "serp_rank": 7,
    "sub_rank": 1,
    "text": "We're passionate about all people having easy access to the reproductive health care they need and want, and that includes  abortion . We made  Abortion  Finder ...",
    "timestamp": null,
    "title": "Where Can I Get an Abortion? | U.S. Abortion Clinic Locator",
    "type": "general",
    "url": "https://www.abortionfinder.org/about-us"
  },
  {
    "cite": "https://milehighabortion.com",
    "cmpt_rank": 4,
    "crawl_id": null,
    "details": "",
    "lang": "en",
    "lhs_bar": false,
    "qry": "abortion near me",
    "serp_id": "f468833b92bcba04d43b110f32916a4da64153ba553949ace7e451f7",
    "serp_rank": 8,
    "sub_rank": 0,
    "text": "Committed to the comfort & respect of every patient, Mile High Women's Clinic is a safe & professional  abortion  clinic in Denver.",
    "timestamp": null,
    "title": "Mile High Women's Clinic: Denver's Abortion Clinic",
    "type": "general",
    "url": "https://milehighabortion.com/"
  },
  {
    "cite": "https://abortionfunds.org › need-abortion",
    "cmpt_rank": 5,
    "crawl_id": null,
    "details": "",
    "lang": "en",
    "lhs_bar": false,
    "qry": "abortion near me",
    "serp_id": "f468833b92bcba04d43b110f32916a4da64153ba553949ace7e451f7",
    "serp_rank": 9,
    "sub_rank": 0,
    "text": "The National Network of  Abortion  Funds is here to connect you with organizations that can support your financial and logistical needs as you arrange for ...",
    "timestamp": null,
    "title": "Need help paying for an abortion?",
    "type": "general",
    "url": "https://abortionfunds.org/need-abortion/"
  },
  {
    "cite": "https://www.abortionclinics.com › city › boulder",
    "cmpt_rank": 6,
    "crawl_id": null,
    "details": "",
    "lang": "en",
    "lhs_bar": false,
    "qry": "abortion near me",
    "serp_id": "f468833b92bcba04d43b110f32916a4da64153ba553949ace7e451f7",
    "serp_rank": 10,
    "sub_rank": 0,
    "text": "Apr 21, 2023  —  Find Boulder  abortion  clinics offering the  Abortion  Pill also known as medication  abortion  or medicine  abortion  that can be taken at home. Also ...",
    "timestamp": "Apr 21, 2023",
    "title": "Boulder Abortion Clinic",
    "type": "general",
    "url": "https://www.abortionclinics.com/city/boulder/"
  },
  {
    "cite": "https://floridaabortion.com",
    "cmpt_rank": 7,
    "crawl_id": null,
    "details": "",
    "lang": "en",
    "lhs_bar": false,
    "qry": "abortion near me",
    "serp_id": "f468833b92bcba04d43b110f32916a4da64153ba553949ace7e451f7",
    "serp_rank": 11,
    "sub_rank": 0,
    "text": "ABORTIONS. Free Abortions click here for more information. Call – 800-370-0049. Substantial financial assistance available for those who qualify ...",
    "timestamp": null,
    "title": "Florida Abortion",
    "type": "general",
    "url": "https://floridaabortion.com/"
  },
  {
    "cite": "https://optionsforabortions.com",
    "cmpt_rank": 8,
    "crawl_id": null,
    "details": "",
    "lang": "en",
    "lhs_bar": false,
    "qry": "abortion near me",
    "serp_id": "f468833b92bcba04d43b110f32916a4da64153ba553949ace7e451f7",
    "serp_rank": 12,
    "sub_rank": 0,
    "text": "Options for Women  abortion  clinics in Plainfield and Howell, New Jersey offer surgical abortions up to 14 weeks. One day  abortion  care.",
    "timestamp": null,
    "title": "Options for Women | New Jersey Abortion Clinics in Plainfield ...",
    "type": "general",
    "url": "https://optionsforabortions.com/"
  },
  {
    "cite": "https://www.heyjane.com/",
    "cmpt_rank": 9,
    "crawl_id": null,
    "details": null,
    "lang": "en",
    "lhs_bar": false,
    "qry": "abortion near me",
    "serp_id": "f468833b92bcba04d43b110f32916a4da64153ba553949ace7e451f7",
    "serp_rank": 13,
    "sub_rank": 0,
    "sub_type": "standard",
    "text": "Get  abortion  care from the comfort of your home. 24/7 access to our clinical care team.  Abortion  care for less than the clinic price, delivered to you. Private, safe, fast.",
    "title": "Ships Discreetly to Your Door - Abortion Pill Delivery",
    "type": "ad",
    "url": "/aclk?sa=l&ai=DChcSEwj2-I2j447_AhUOa0wKHWpaAEsYABAAGgJvYQ&sig=AOD64_1ufm4DD1nqm3CLIyi00STiwdu4jg&adurl=&q="
  }
]
