[
  {
    "cite": null,
    "cmpt_rank": 0,
    "crawl_id": null,
    "details": {
      "img_url": null,
      "live_stamp": false,
      "orient": "h"
    },
    "lang": "en",
    "lhs_bar": false,
    "qry": "abortion",
    "serp_id": "f468833b92bcba04d43b110f32916a4da64153ba553949ace7e451f7",
    "serp_rank": 0,
    "sub_rank": 0,
    "timestamp": null,
    "title": "Texas Forced This Woman to Give Birth  | to a Stillborn Son. She’s Suing | 15 hours ago",
    "type": "top_stories",
    "url": "https://www.rollingstone.com/politics/politics-features/texas-abortion-ban-forced-birth-1234739485/"
  },
  {
    "cite": null,
    "cmpt_rank": 0,
    "crawl_id": null,
    "details": {
      "img_url": null,
      "live_stamp": false,
      "orient": "h"
    },
    "lang": "en",
    "lhs_bar": false,
    "qry": "abortion",
    "serp_id": "f468833b92bcba04d43b110f32916a4da64153ba553949ace7e451f7",
    "serp_rank": 1,
    "sub_rank": 1,
    "timestamp": null,
    "title": "NPR | More women sue Texas  | saying the state's anti- | abortion laws harmed them | 20 hours ago",
    "type": "top_stories",
    "url": "https://www.npr.org/2023/05/22/1177425651/texas-women-sue-abortion"
  },
  {
    "cite": null,
    "cmpt_rank": 0,
    "crawl_id": null,
    "details": {
      "img_url": null,
      "live_stamp": false,
      "orient": "h"
    },
    "lang": "en",
    "lhs_bar": false,
    "qry": "abortion",
    "serp_id": "f468833b92bcba04d43b110f32916a4da64153ba553949ace7e451f7",
    "serp_rank": 2,
    "sub_rank": 2,
    "timestamp": null,
    "title": "Yahoo News | More women sue Texas,  | asking court to put  | emergency block on state's \nabortion law | 21 hours ago",
    "type": "top_stories",
    "url": "https://news.yahoo.com/more-women-sue-texas-asking-123339247.html"
  },
  {
    "cite": null,
    "cmpt_rank": 0,
    "crawl_id": null,
    "details": {
      "img_url": null,
      "live_stamp": false,
      "orient": "h"
    },
    "lang": "en",
    "lhs_bar": false,
    "qry": "abortion",
    "serp_id": "f468833b92bcba04d43b110f32916a4da64153ba553949ace7e451f7",
    "serp_rank": 3,
    "sub_rank": 3,
    "timestamp": null,
    "title": "AP News | Nebraska governor  | signs 12-week abortion  | ban, limits on gender-affirming \ncare for minors | 18 hours ago",
    "type": "top_stories",
    "url": "https://apnews.com/article/transgender-health-care-abortion-ban-nebraska-1a88067bf403559116df7c09e004e472"
  },
  {
    "cite": null,
    "cmpt_rank": 0,
    "crawl_id": null,
    "details": {
      "img_url": null,
      "live_stamp": false,
      "orient": "h"
    },
    "lang": "en",
    "lhs_bar": false,
    "qry": "abortion",
    "serp_id": "f468833b92bcba04d43b110f32916a4da64153ba553949ace7e451f7",
    "serp_rank": 4,
    "sub_rank": 4,
    "timestamp": null,
    "title": "Oregon Capital Chronicle | Here's what Oregon's  | controversial abortion,  | gender-affirming care bill \nwould do – Oregon Capital Chronicle | 21 hours ago",
    "type": "top_stories",
    "url": "https://oregoncapitalchronicle.com/2023/05/22/heres-what-oregons-controversial-abortion-gender-affirming-care-bill-would-do/"
  },
  {
    "cite": null,
    "cmpt_rank": 0,
    "crawl_id": null,
    "details": {
      "img_url": null,
      "live_stamp": false,
      "orient": "h"
    },
    "lang": "en",
    "lhs_bar": false,
    "qry": "abortion",
    "serp_id": "f468833b92bcba04d43b110f32916a4da64153ba553949ace7e451f7",
    "serp_rank": 5,
    "sub_rank": 5,
    "timestamp": null,
    "title": "USA Today | Tuberville abortion  | policy fight threatens US  | security, Pentagon says | 1 hour ago",
    "type": "top_stories",
    "url": "https://www.usatoday.com/story/news/politics/2023/05/23/senator-tommy-tuberville-abortion-national-security/70232023007/"
  },
  {
    "cite": null,
    "cmpt_rank": 0,
    "crawl_id": null,
    "details": {
      "img_url": null,
      "live_stamp": false,
      "orient": "h"
    },
    "lang": "en",
    "lhs_bar": false,
    "qry": "abortion",
    "serp_id": "f468833b92bcba04d43b110f32916a4da64153ba553949ace7e451f7",
    "serp_rank": 6,
    "sub_rank": 6,
    "timestamp": null,
    "title": "NPR | Doctors are reluctant to  | practice in states that  | banned abortion : Shots - \nHealth News | 1 hour ago",
    "type": "top_stories",
    "url": "https://www.npr.org/sections/health-shots/2023/05/23/1177542605/abortion-bans-drive-off-doctors-and-put-other-health-care-at-risk"
  },
  {
    "cite": null,
    "cmpt_rank": 1,
    "crawl_id": null,
    "details": {
      "img_url": null,
      "live_stamp": false,
      "orient": "h"
    },
    "lang": "en",
    "lhs_bar": false,
    "qry": "abortion",
    "serp_id": "f468833b92bcba04d43b110f32916a4da64153ba553949ace7e451f7",
    "serp_rank": 7,
    "sub_rank": 0,
    "text": "It's increasingly clear that  it's not safe to be pregnant  in states with \ntotal abortion bans. Since the end of Roe v.",
    "timestamp": null,
    "title": "Michelle Goldberg | The New York Times | Opinion | You Cannot  | Hear These 13  | Women's Stories and  | Believe the \nAnti-Abortion Narrative | It's increasingly clear that  | it's not safe to be pregnant  | in states with \ntotal abortion bans. Since the end of Roe v. | . | 11 hours ago",
    "type": "perspectives",
    "url": "https://www.nytimes.com/2023/05/22/opinion/abortion-law-texas-lawsuit.html"
  },
  {
    "cite": null,
    "cmpt_rank": 1,
    "crawl_id": null,
    "details": {
      "img_url": null,
      "live_stamp": false,
      "orient": "h"
    },
    "lang": "en",
    "lhs_bar": false,
    "qry": "abortion",
    "serp_id": "f468833b92bcba04d43b110f32916a4da64153ba553949ace7e451f7",
    "serp_rank": 8,
    "sub_rank": 1,
    "text": "Where abortion is  outlawed, women receive  substandard healthcare.  Some are \nfighting back.",
    "timestamp": null,
    "title": "Jill Filipovic | Substack | New Study: Abortion  | Bans Endanger  | Women's Lives | Where abortion is  | outlawed, women receive  | substandard healthcare.  | Some are \nfighting back. | . | 16 hours ago",
    "type": "perspectives",
    "url": "https://jill.substack.com/p/new-study-abortion-bans-endanger"
  },
  {
    "cite": null,
    "cmpt_rank": 1,
    "crawl_id": null,
    "details": {
      "img_url": null,
      "live_stamp": false,
      "orient": "h"
    },
    "lang": "en",
    "lhs_bar": false,
    "qry": "abortion",
    "serp_id": "f468833b92bcba04d43b110f32916a4da64153ba553949ace7e451f7",
    "serp_rank": 9,
    "sub_rank": 2,
    "text": "Judges on the 5th Circuit  appeared worryingly  comfortable challenging  the \nexpertise of FDA scientists.",
    "timestamp": null,
    "title": "Sarah Green Carmichael, Lisa Jarvis | Bloomberg.com | Yet Another Bad Week  | for Abortion Rights in  | the US | Judges on the 5th Circuit  | appeared worryingly  | comfortable challenging  | the \nexpertise of FDA scientists. | . | 1 day ago",
    "type": "perspectives",
    "url": "https://www.bloomberg.com/opinion/articles/2023-05-21/yet-another-bad-week-for-abortion-rights-in-the-us"
  },
  {
    "cmpt_rank": 2,
    "crawl_id": null,
    "details": {
      "heading": "People also ask",
      "img_url": null,
      "text": "Choose what you’re giving feedback on|general feedback|Abortion|Abortion|Abortion is the termination of a pregnancy by removal or expulsion of an embryo or fetus. An abortion that occurs without intervention is known as a miscarriage or \"spontaneous abortion\"; these occur in approximately 30% to 40% of all pregnancies.| |Wikipedia|:|Induced miscarriage, termination of pregnancy|Induced miscarriage, termination of pregnancy|:|10A0|10A0|:|779.6|779.6|Feedback|Feedback|Feedback|Feedback|People also ask|People also ask|People also ask|You will see more English now.|You will see more English now.|You will see more English now.|You will see more English now.|You will see more English now.|What is abortion in medical term?|What is abortion in medical term?|What is abortion in medical term?|What is missed abortion?|What is missed abortion?|What is missed abortion?|What is the legal definition of abortion?|What is the legal definition of abortion?|What is the legal definition of abortion?|What are the different classification of abortion?|What are the different classification of abortion?|What are the different classification of abortion?|Feedback",
      "urls": [
        {
          "text": "Wikipedia",
          "url": "https://en.wikipedia.org/wiki/Abortion"
        }
      ]
    },
    "lang": "en",
    "lhs_bar": false,
    "qry": "abortion",
    "serp_id": "f468833b92bcba04d43b110f32916a4da64153ba553949ace7e451f7",
    "serp_rank": 10,
    "sub_rank": 0,
    "subtype": "panel",
    "type": "knowledge"
  },
  {
    "cite": "https://www.who.int › Newsroom › Fact sheets › Detail",
    "cmpt_rank": 3,
    "crawl_id": null,
    "details": "",
    "lang": "en",
    "lhs_bar": false,
    "qry": "abortion",
    "serp_id": "f468833b92bcba04d43b110f32916a4da64153ba553949ace7e451f7",
    "serp_rank": 11,
    "sub_rank": 0,
    "text": "Nov 25, 2021  —  Abortion  is a common health intervention. It is safe when carried out using a method recommended by WHO, appropriate to the pregnancy ...",
    "timestamp": "Nov 25, 2021",
    "title": "Abortion",
    "type": "general",
    "url": "https://www.who.int/news-room/fact-sheets/detail/abortion"
  },
  {
    "cmpt_rank": 4,
    "crawl_id": null,
    "details": {
      "directions": "#",
      "website": "http://www.boulderwomenshealth.org/"
    },
    "lang": "en",
    "lhs_bar": false,
    "qry": "abortion",
    "serp_id": "f468833b92bcba04d43b110f32916a4da64153ba553949ace7e451f7",
    "serp_rank": 12,
    "sub_rank": 0,
    "title": "Boulder Valley Women's Health Center",
    "type": "local_results",
    "url": "http://www.boulderwomenshealth.org/"
  },
  {
    "cmpt_rank": 4,
    "crawl_id": null,
    "details": {
      "directions": "#",
      "website": "https://www.plannedparenthood.org/health-center/colorado/boulder/80302/boulder-2488-90210?utm_campaign=boulder&utm_medium=organic&utm_source=local-listing"
    },
    "lang": "en",
    "lhs_bar": false,
    "qry": "abortion",
    "serp_id": "f468833b92bcba04d43b110f32916a4da64153ba553949ace7e451f7",
    "serp_rank": 13,
    "sub_rank": 1,
    "title": "Planned Parenthood - Boulder",
    "type": "local_results",
    "url": "https://www.plannedparenthood.org/health-center/colorado/boulder/80302/boulder-2488-90210?utm_campaign=boulder&utm_medium=organic&utm_source=local-listing"
  },
  {
    "cmpt_rank": 4,
    "crawl_id": null,
    "details": {
      "directions": "#",
      "website": "http://www.drhern.com/"
    },
    "lang": "en",
    "lhs_bar": false,
    "qry": "abortion",
    "serp_id": "f468833b92bcba04d43b110f32916a4da64153ba553949ace7e451f7",
    "serp_rank": 14,
    "sub_rank": 2,
    "title": "Boulder Abortion Clinic",
    "type": "local_results",
    "url": "http://www.drhern.com/"
  },
  {
    "cite": "https://www.plannedparenthood.org › learn › abortion",
    "cmpt_rank": 5,
    "crawl_id": null,
    "details": "",
    "lang": "en",
    "lhs_bar": false,
    "qry": "abortion",
    "serp_id": "f468833b92bcba04d43b110f32916a4da64153ba553949ace7e451f7",
    "serp_rank": 15,
    "sub_rank": 0,
    "text": "Abortion  is a safe and legal way to end a pregnancy. Learning more about  abortion  methods and options can help you decide if it is the right choice for you.",
    "timestamp": null,
    "title": "Abortion Information | Information About Your Options",
    "type": "general",
    "url": "https://www.plannedparenthood.org/learn/abortion"
  },
  {
    "cite": "https://www.bpas.org › considering-abortion › what-is...",
    "cmpt_rank": 6,
    "crawl_id": null,
    "details": "",
    "lang": "en",
    "lhs_bar": false,
    "qry": "abortion",
    "serp_id": "f468833b92bcba04d43b110f32916a4da64153ba553949ace7e451f7",
    "serp_rank": 16,
    "sub_rank": 0,
    "text": "An  abortion  is when the pregnancy is ended so that it does not result in the birth of a child. Sometimes this is called 'termination of pregnancy'.",
    "timestamp": null,
    "title": "What is Abortion?",
    "type": "general",
    "url": "https://www.bpas.org/abortion-care/considering-abortion/what-is-abortion/"
  },
  {
    "cite": "https://en.wikipedia.org › wiki › Abortion",
    "cmpt_rank": 7,
    "crawl_id": null,
    "details": "",
    "lang": "en",
    "lhs_bar": false,
    "qry": "abortion",
    "serp_id": "f468833b92bcba04d43b110f32916a4da64153ba553949ace7e451f7",
    "serp_rank": 17,
    "sub_rank": 0,
    "text": "An  abortion  that occurs without intervention is known as a miscarriage or \"spontaneous  abortion \"; these occur in approximately 30% to 40% of all pregnancies.",
    "timestamp": null,
    "title": "Abortion",
    "type": "general",
    "url": "https://en.wikipedia.org/wiki/Abortion"
  },
  {
    "cite": "https://reproductiverights.org › Maps",
    "cmpt_rank": 8,
    "crawl_id": null,
    "details": "",
    "lang": "en",
    "lhs_bar": false,
    "qry": "abortion",
    "serp_id": "f468833b92bcba04d43b110f32916a4da64153ba553949ace7e451f7",
    "serp_rank": 18,
    "sub_rank": 0,
    "text": "The World  Abortion  Laws Map is the definitive record of the legal status of  abortion  in countries across the globe. Since 1998, the Center for.",
    "timestamp": null,
    "title": "The World's Abortion Laws",
    "type": "general",
    "url": "https://reproductiverights.org/maps/worlds-abortion-laws/"
  },
  {
    "cite": null,
    "cmpt_rank": 9,
    "crawl_id": null,
    "details": {
      "img_url": null,
      "key_moments": false
    },
    "lang": "en",
    "lhs_bar": false,
    "qry": "abortion",
    "serp_id": "f468833b92bcba04d43b110f32916a4da64153ba553949ace7e451f7",
    "serp_rank": 19,
    "sub_rank": 0,
    "timestamp": null,
    "title": "Rep. Deborah Ross: North Carolina abortion ban turns the ...YouTube · MSNBC6 minutes, 10 seconds1 day ago",
    "type": "videos",
    "url": "https://www.youtube.com/watch?v=IJHkjZfXMNY"
  },
  {
    "cite": null,
    "cmpt_rank": 9,
    "crawl_id": null,
    "details": {
      "img_url": null,
      "key_moments": false
    },
    "lang": "en",
    "lhs_bar": false,
    "qry": "abortion",
    "serp_id": "f468833b92bcba04d43b110f32916a4da64153ba553949ace7e451f7",
    "serp_rank": 20,
    "sub_rank": 1,
    "timestamp": null,
    "title": "Byron Donalds sidesteps his stance on six-week abortion ban ...YouTube · NBC News1 minute, 45 seconds1 day ago",
    "type": "videos",
    "url": "https://www.youtube.com/watch?v=g-BqlQegH5Q"
  },
  {
    "cite": null,
    "cmpt_rank": 9,
    "crawl_id": null,
    "details": {
      "img_url": null,
      "key_moments": false
    },
    "lang": "en",
    "lhs_bar": false,
    "qry": "abortion",
    "serp_id": "f468833b92bcba04d43b110f32916a4da64153ba553949ace7e451f7",
    "serp_rank": 21,
    "sub_rank": 2,
    "timestamp": null,
    "title": "Full Panel: Biden is 'testing the waters' using abortion issue to ...YouTube · NBC News7 minutes, 46 seconds1 day ago",
    "type": "videos",
    "url": "https://www.youtube.com/watch?v=Xgq-NMPqsbY"
  },
  {
    "cite": "https://medlineplus.gov › Health Topics",
    "cmpt_rank": 10,
    "crawl_id": null,
    "details": "",
    "lang": "en",
    "lhs_bar": false,
    "qry": "abortion",
    "serp_id": "f468833b92bcba04d43b110f32916a4da64153ba553949ace7e451f7",
    "serp_rank": 22,
    "sub_rank": 0,
    "text": "Aug 5, 2022  —  An  abortion  is a medical procedure to end a pregnancy. It uses medicine or surgery to remove the embryo or fetus and placenta from the ...",
    "timestamp": "Aug 5, 2022",
    "title": "Medical Abortion",
    "type": "general",
    "url": "https://medlineplus.gov/abortion.html"
  },
  {
    "cite": "https://www.cdc.gov › reproductivehealth › data_stats",
    "cmpt_rank": 11,
    "crawl_id": null,
    "details": "",
    "lang": "en",
    "lhs_bar": false,
    "qry": "abortion",
    "serp_id": "f468833b92bcba04d43b110f32916a4da64153ba553949ace7e451f7",
    "serp_rank": 23,
    "sub_rank": 0,
    "text": "Among 48 reporting areas with data each year during 2011–2020, in 2020, a total of 615,911 abortions were reported, the  abortion  rate was 11.2 abortions per ...",
    "timestamp": null,
    "title": "CDCs Abortion Surveillance System FAQs",
    "type": "general",
    "url": "https://www.cdc.gov/reproductivehealth/data_stats/abortion.htm"
  },
  {
    "cmpt_rank": 12,
    "crawl_id": null,
    "details": null,
    "lang": "en",
    "lhs_bar": false,
    "qry": "abortion",
    "serp_id": "f468833b92bcba04d43b110f32916a4da64153ba553949ace7e451f7",
    "serp_rank": 24,
    "sub_rank": 0,
    "type": "people_also_ask"
  },
  {
    "cmpt_rank": 12,
    "crawl_id": null,
    "details": [
      {
        "text": "long-term effects of unsafe abortion",
        "url": "/search?q=long-term+effects+of+unsafe+abortion&sa=X&ved=2ahUKEwiT54ngnIv_AhX1lGoFHSMFB80Q1QJ6BAhuEAE"
      },
      {
        "text": "causes of abortion in teenage",
        "url": "/search?q=Causes+of+abortion+in+teenage&sa=X&ved=2ahUKEwiT54ngnIv_AhX1lGoFHSMFB80Q1QJ6BAhtEAE"
      },
      {
        "text": "7 types of abortion ppt",
        "url": "/search?q=7+types+of+abortion+ppt&sa=X&ved=2ahUKEwiT54ngnIv_AhX1lGoFHSMFB80Q1QJ6BAhqEAE"
      },
      {
        "text": "types of abortion nursing",
        "url": "/search?q=Types+of+abortion+nursing&sa=X&ved=2ahUKEwiT54ngnIv_AhX1lGoFHSMFB80Q1QJ6BAhmEAE"
      },
      {
        "text": "what is abortion brainly",
        "url": "/search?q=What+is+abortion+Brainly&sa=X&ved=2ahUKEwiT54ngnIv_AhX1lGoFHSMFB80Q1QJ6BAhjEAE"
      },
      {
        "text": "safe abortion care",
        "url": "/search?q=Safe+abortion+care&sa=X&ved=2ahUKEwiT54ngnIv_AhX1lGoFHSMFB80Q1QJ6BAhgEAE"
      },
      {
        "text": "importance of abortion in public health",
        "url": "/search?q=Importance+of+abortion+in+public+health&sa=X&ved=2ahUKEwiT54ngnIv_AhX1lGoFHSMFB80Q1QJ6BAhcEAE"
      }
    ],
    "lang": "en",
    "lhs_bar": false,
    "qry": "abortion",
    "serp_id": "f468833b92bcba04d43b110f32916a4da64153ba553949ace7e451f7",
    "serp_rank": 25,
    "sub_rank": 1,
    "type": "searches_related"
  },
  {
    "cmpt_rank": 13,
    "crawl_id": null,
    "details": null,
    "img_urls": [],
    "lang": "en",
    "lhs_bar": false,
    "qry": "abortion",
    "serp_id": "f468833b92bcba04d43b110f32916a4da64153ba553949ace7e451f7",
    "serp_rank": 26,
    "sub_rank": 0,
    "subtitle": "",
    "subtype": "panel_rhs",
    "text": "Abortion is the termination of a pregnancy by removal or expulsion of an embryo or fetus. An abortion that occurs without intervention is known as a miscarriage or \"spontaneous abortion\"; these occur in approximately 30% to 40% of all pregnancies.",
    "title": "",
    "type": "knowledge",
    "url": "https://en.wikipedia.org/wiki/Abortion"
  }
]
