[
  {
    "cite": "https://info.carafem.org/",
    "cmpt_rank": 0,
    "crawl_id": null,
    "details": [
      {
        "text": "Can I get an abortion at carafem? Offering options up to 13 weeks.",
        "title": "Eligibility Calculator",
        "url": "https://carafem.org/calculator/"
      },
      {
        "text": "Medically supported at home care. Available in some states.",
        "title": "Abortion Pills Online",
        "url": "https://m.carafem.org/schedules/"
      },
      {
        "text": "At home with 24/7 medical support. From $0 - $199",
        "title": "Abortion Pill",
        "url": "https://carafem.org/abortion-pill/"
      },
      {
        "text": "Several insurance plans accepted. Schedule an appointment now!",
        "title": "Appointments & Cost",
        "url": "https://carafem.org/cost/"
      }
    ],
    "lang": "en",
    "lhs_bar": false,
    "qry": "where can i get an abortion",
    "serp_id": "f468833b92bcba04d43b110f32916a4da64153ba553949ace7e451f7",
    "serp_rank": 0,
    "sub_rank": 0,
    "sub_type": "submenu",
    "text": "It's simple! Receive  abortion  pills after an online consultation. No appointment required. From $0 - $199. Get high quality at home  abortion  pills from a trusted medical provider.",
    "title": "Abortion Pills Colorado - Fast Free Shipping in 1-4 Days",
    "type": "ad",
    "url": "/aclk?sa=l&ai=DChcSEwjXl-yx447_AhUmjEwKHWPqAKsYABACGgJvYQ&sig=AOD64_1GJGLyTY4Iu-81zcmJgg-YwHFuMQ&adurl=&q="
  },
  {
    "cite": "https://www.carecliniccolorado.com/",
    "cmpt_rank": 0,
    "crawl_id": null,
    "details": null,
    "lang": "en",
    "lhs_bar": false,
    "qry": "where can i get an abortion",
    "serp_id": "f468833b92bcba04d43b110f32916a4da64153ba553949ace7e451f7",
    "serp_rank": 1,
    "sub_rank": 1,
    "sub_type": "standard",
    "text": "We focus on providing safe, compassionate, and respectful  abortion  care. We Can Help You Get the Most out of Your  Abortion  Pill. ",
    "title": "Abortion Clinic in Colorado - Safe Abortion Care",
    "type": "ad",
    "url": "/aclk?sa=l&ai=DChcSEwjXl-yx447_AhUmjEwKHWPqAKsYABAAGgJvYQ&sig=AOD64_0Q6MUyYRtQRJpsCFgGhv0acuVQiQ&adurl=&q="
  },
  {
    "cite": "https://www.plannedparenthood.org › abortion-access",
    "cmpt_rank": 1,
    "crawl_id": null,
    "details": "",
    "lang": "en",
    "lhs_bar": false,
    "qry": "where can i get an abortion",
    "serp_id": "f468833b92bcba04d43b110f32916a4da64153ba553949ace7e451f7",
    "serp_rank": 2,
    "sub_rank": 0,
    "text": "Abortion  Clinics Near You. View Planned Parenthood health centers that provide  abortion  care and get the information you need to schedule an appointment. AGE.",
    "timestamp": null,
    "title": "Where to Get an Abortion | Find Abortion Services Near You",
    "type": "general",
    "url": "https://www.plannedparenthood.org/abortion-access"
  },
  {
    "cite": "https://www.abortionfinder.org",
    "cmpt_rank": 2,
    "crawl_id": null,
    "details": "",
    "lang": "en",
    "lhs_bar": false,
    "qry": "where can i get an abortion",
    "serp_id": "f468833b92bcba04d43b110f32916a4da64153ba553949ace7e451f7",
    "serp_rank": 3,
    "sub_rank": 0,
    "text": "Quickly search the largest directory of trusted  abortion  providers in the U.S. Updated weekly.",
    "timestamp": null,
    "title": "Where Can I Get an Abortion? | U.S. Abortion Clinic Locator",
    "type": "general",
    "url": "https://www.abortionfinder.org/"
  },
  {
    "cmpt_rank": 3,
    "crawl_id": null,
    "details": {
      "directions": "#",
      "website": "http://www.drhern.com/"
    },
    "lang": "en",
    "lhs_bar": false,
    "qry": "where can i get an abortion",
    "serp_id": "f468833b92bcba04d43b110f32916a4da64153ba553949ace7e451f7",
    "serp_rank": 4,
    "sub_rank": 0,
    "title": "Boulder Abortion Clinic",
    "type": "local_results",
    "url": "http://www.drhern.com/"
  },
  {
    "cmpt_rank": 3,
    "crawl_id": null,
    "details": {
      "directions": "#",
      "website": "http://www.boulderwomenshealth.org/"
    },
    "lang": "en",
    "lhs_bar": false,
    "qry": "where can i get an abortion",
    "serp_id": "f468833b92bcba04d43b110f32916a4da64153ba553949ace7e451f7",
    "serp_rank": 5,
    "sub_rank": 1,
    "title": "Boulder Valley Women's Health Center",
    "type": "local_results",
    "url": "http://www.boulderwomenshealth.org/"
  },
  {
    "cmpt_rank": 3,
    "crawl_id": null,
    "details": {
      "directions": "#",
      "website": "https://www.plannedparenthood.org/health-center/colorado/boulder/80302/boulder-2488-90210?utm_campaign=boulder&utm_medium=organic&utm_source=local-listing"
    },
    "lang": "en",
    "lhs_bar": false,
    "qry": "where can i get an abortion",
    "serp_id": "f468833b92bcba04d43b110f32916a4da64153ba553949ace7e451f7",
    "serp_rank": 6,
    "sub_rank": 2,
    "title": "Planned Parenthood - Boulder",
    "type": "local_results",
    "url": "https://www.plannedparenthood.org/health-center/colorado/boulder/80302/boulder-2488-90210?utm_campaign=boulder&utm_medium=organic&utm_source=local-listing"
  },
  {
    "cite": "https://www.plannedparenthoodaction.org › abortion-...",
    "cmpt_rank": 4,
    "crawl_id": null,
    "details": "",
    "lang": "en",
    "lhs_bar": false,
    "qry": "where can i get an abortion",
    "serp_id": "f468833b92bcba04d43b110f32916a4da64153ba553949ace7e451f7",
    "serp_rank": 7,
    "sub_rank": 0,
    "text": "Is  abortion  still legal in your state? Use our access tool to discover what states still allow  abortion  and which have adopted  abortion  restrictions.",
    "timestamp": null,
    "title": "Where is Abortion Illegal? | Abortion Limits by State",
    "type": "general",
    "url": "https://www.plannedparenthoodaction.org/abortion-access-tool/US"
  },
  {
    "cite": "https://thehill.com › respect › accessibility › 3535615-...",
    "cmpt_rank": 5,
    "crawl_id": null,
    "details": "",
    "lang": "en",
    "lhs_bar": false,
    "qry": "where can i get an abortion",
    "serp_id": "f468833b92bcba04d43b110f32916a4da64153ba553949ace7e451f7",
    "serp_rank": 8,
    "sub_rank": 0,
    "text": "Jun 24, 2022  —  Wade being struck down. There are at least eight states that have protective  abortion  policies, offering legal abortions until fetal viability ...",
    "timestamp": "Jun 24, 2022",
    "title": "Here is where you can still get an abortion, despite Roe v. ...",
    "type": "general",
    "url": "https://thehill.com/changing-america/respect/accessibility/3535615-here-is-where-you-can-still-get-an-abortion-despite-roe-v-wade-being-struck-down/"
  },
  {
    "cite": "https://www.healthline.com › ... › Sexual Health",
    "cmpt_rank": 6,
    "crawl_id": null,
    "details": "",
    "lang": "en",
    "lhs_bar": false,
    "qry": "where can i get an abortion",
    "serp_id": "f468833b92bcba04d43b110f32916a4da64153ba553949ace7e451f7",
    "serp_rank": 9,
    "sub_rank": 0,
    "text": "After that, it's only legal if your health or life is in danger or there's a fetal anomaly. Restrictions. Parental consent. The legal guardian of a minor must ...",
    "timestamp": null,
    "title": "How to Access an Abortion in Each State",
    "type": "general",
    "url": "https://www.healthline.com/health/healthy-sex/how-to-get-legal-abortion-near-me"
  },
  {
    "cite": "https://19thnews.org › 2022/06 › clinics-states-where-...",
    "cmpt_rank": 7,
    "crawl_id": null,
    "details": "",
    "lang": "en",
    "lhs_bar": false,
    "qry": "where can i get an abortion",
    "serp_id": "f468833b92bcba04d43b110f32916a4da64153ba553949ace7e451f7",
    "serp_rank": 10,
    "sub_rank": 0,
    "text": "Jun 25, 2022  —  Post-Roe v. Wade, states where  abortion  access is still legal serve as critical access points. Clinics now must figure out how to serve ...",
    "timestamp": "Jun 25, 2022",
    "title": "Clinics in states where you can get an abortion prepare for ' ...",
    "type": "general",
    "url": "https://19thnews.org/2022/06/clinics-states-where-you-can-get-an-abortion-preparing-clients/"
  },
  {
    "cite": "https://ldh.la.gov › index.cfm › directory › category",
    "cmpt_rank": 8,
    "crawl_id": null,
    "details": "",
    "lang": "en",
    "lhs_bar": false,
    "qry": "where can i get an abortion",
    "serp_id": "f468833b92bcba04d43b110f32916a4da64153ba553949ace7e451f7",
    "serp_rank": 11,
    "sub_rank": 0,
    "text": "The Louisiana Department of Health protects and promotes health and ensures access to medical, preventive and rehabilitative services for all citizens of ...",
    "timestamp": null,
    "title": "HSS - Abortion Clinics - La Dept. of Health - Louisiana.gov",
    "type": "general",
    "url": "https://ldh.la.gov/index.cfm/directory/category/276"
  },
  {
    "cite": "https://www.bpas.org › considering-abortion › norther...",
    "cmpt_rank": 9,
    "crawl_id": null,
    "details": "",
    "lang": "en",
    "lhs_bar": false,
    "qry": "where can i get an abortion",
    "serp_id": "f468833b92bcba04d43b110f32916a4da64153ba553949ace7e451f7",
    "serp_rank": 12,
    "sub_rank": 0,
    "text": "BPAS provides abortions to around 4000 women from overseas every year. BPAS appointments are easy to arrange from overseas and completely confidential.",
    "timestamp": null,
    "title": "Funded Abortion Services for Northern Irish (NI) Women",
    "type": "general",
    "url": "https://www.bpas.org/abortion-care/considering-abortion/northern-ireland-funded-abortion-treatment/"
  },
  {
    "cite": "https://www.heyjane.com/",
    "cmpt_rank": 10,
    "crawl_id": null,
    "details": null,
    "lang": "en",
    "lhs_bar": false,
    "qry": "where can i get an abortion",
    "serp_id": "f468833b92bcba04d43b110f32916a4da64153ba553949ace7e451f7",
    "serp_rank": 13,
    "sub_rank": 0,
    "sub_type": "standard",
    "text": "No need to leave home for  abortion  care. FDA-approved meds shipped discreetly to your door.  Abortion  care on your schedule, from the comfort of your home. Meds delivered to...",
    "title": "Ships Discreetly to Your Door - Abortion Pill Delivery",
    "type": "ad",
    "url": "/aclk?sa=l&ai=DChcSEwjXl-yx447_AhUmjEwKHWPqAKsYABABGgJvYQ&sig=AOD64_0zdRHSozbSNp51DVmuMU9MKz_XmQ&adurl=&q="
  }
]
