[
  {
    "cite": "https://info.carafem.org/",
    "cmpt_rank": 0,
    "crawl_id": null,
    "details": [
      {
        "text": "Several insurance plans accepted. Schedule an appointment now!",
        "title": "Appointments & Cost",
        "url": "https://carafem.org/cost/"
      },
      {
        "text": "Online Abortion Pill Care With Full Medical Support",
        "title": "Abortion Pills Online",
        "url": "https://carafem.org/online/"
      },
      {
        "text": "At home with 24/7 medical support. From $0 - $199",
        "title": "Abortion Pill",
        "url": "https://carafem.org/abortion-pill/"
      },
      {
        "text": "Easy online scheduling. Select in-person or at-home care.",
        "title": "Schedule Online",
        "url": "https://m.carafem.org/schedules/"
      }
    ],
    "lang": "en",
    "lhs_bar": false,
    "qry": "abortion provider",
    "serp_id": "f468833b92bcba04d43b110f32916a4da64153ba553949ace7e451f7",
    "serp_rank": 0,
    "sub_rank": 0,
    "sub_type": "submenu",
    "text": "It's simple! Receive  abortion  pills after an online consultation. No appointment required. From $0 - $199. Get high quality at home  abortion  pills from a trusted medical  provider .",
    "title": "Discreetly Mailed in 1-4 Days - Abortion Pills Online",
    "type": "ad",
    "url": "/aclk?sa=l&ai=DChcSEwjDr_-s447_AhX3LdQBHQ--BnQYABAAGgJvYQ&sig=AOD64_0kGtso2kZ1igk5I8cxYJQux6Warg&adurl=&q="
  },
  {
    "cite": "https://www.heyjane.com/",
    "cmpt_rank": 0,
    "crawl_id": null,
    "details": null,
    "lang": "en",
    "lhs_bar": false,
    "qry": "abortion provider",
    "serp_id": "f468833b92bcba04d43b110f32916a4da64153ba553949ace7e451f7",
    "serp_rank": 1,
    "sub_rank": 1,
    "sub_type": "standard",
    "text": "No need to leave home for  abortion  care. FDA-approved meds shipped discreetly to your door.  Abortion  care on your schedule, from the comfort of your home. Meds delivered to...",
    "title": "Ships Discreetly to Your Door - Medication Abortion",
    "type": "ad",
    "url": "/aclk?sa=l&ai=DChcSEwjDr_-s447_AhX3LdQBHQ--BnQYABACGgJvYQ&sig=AOD64_2DUk2TF1xVx6UZQx3k6a-aiGcMSg&adurl=&q="
  },
  {
    "cite": "https://www.abortionfinder.org",
    "cmpt_rank": 1,
    "crawl_id": null,
    "details": [
      {
        "text": "About Us",
        "url": "https://www.abortionfinder.org/about-us"
      },
      {
        "text": "Getting Abortion Pills Online ...",
        "url": "https://www.abortionfinder.org/abortion-types/telehealth"
      },
      {
        "text": "Abortion in Colorado",
        "url": "https://www.abortionfinder.org/abortion-guides-by-state/abortion-in-colorado/providers"
      },
      {
        "text": "Abortion in North Carolina",
        "url": "https://www.abortionfinder.org/abortion-guides-by-state/abortion-in-north-carolina/providers"
      },
      {
        "text": "More results from abortionfinder.org »",
        "url": "/search?q=abortion+provider+site:abortionfinder.org&sa=X&ved=2ahUKEwiOm_Os447_AhVck2oFHfiFDzsQrAN6BAgQEAE"
      }
    ],
    "lang": "en",
    "lhs_bar": false,
    "qry": "abortion provider",
    "serp_id": "f468833b92bcba04d43b110f32916a4da64153ba553949ace7e451f7",
    "serp_rank": 2,
    "sub_rank": 0,
    "subtype": "submenu",
    "text": "Quickly search the largest directory of trusted  abortion providers  in the U.S. Updated weekly.",
    "timestamp": null,
    "title": "Where Can I Get an Abortion? | U.S. Abortion Clinic Locator",
    "type": "general",
    "url": "https://www.abortionfinder.org/"
  },
  {
    "cite": "https://www.drhern.com",
    "cmpt_rank": 2,
    "crawl_id": null,
    "details": "",
    "lang": "en",
    "lhs_bar": false,
    "qry": "abortion provider",
    "serp_id": "f468833b92bcba04d43b110f32916a4da64153ba553949ace7e451f7",
    "serp_rank": 3,
    "sub_rank": 0,
    "text": "Boulder  Abortion Clinic , Dr. Warren Hern specializes in fetal anomaly abortions. Late abortion care, second & third trimester abortion in CO.",
    "timestamp": null,
    "title": "Boulder Abortion Clinic",
    "type": "general",
    "url": "https://www.drhern.com/"
  },
  {
    "cite": "https://www.drhern.com › about",
    "cmpt_rank": 2,
    "crawl_id": null,
    "details": "",
    "lang": "en",
    "lhs_bar": false,
    "qry": "abortion provider",
    "serp_id": "f468833b92bcba04d43b110f32916a4da64153ba553949ace7e451f7",
    "serp_rank": 4,
    "sub_rank": 1,
    "text": "About Boulder  Abortion Clinic , Dr. Warren Hern. Women with a desired pregnancy that has developed tragic complications. Late Abortion for fetal disorders.",
    "timestamp": null,
    "title": "Dr. Warren Hern, MD, MPH, Ph.D.",
    "type": "general",
    "url": "https://www.drhern.com/about/"
  },
  {
    "cite": "https://www.plannedparenthood.org › abortion-access",
    "cmpt_rank": 3,
    "crawl_id": null,
    "details": "",
    "lang": "en",
    "lhs_bar": false,
    "qry": "abortion provider",
    "serp_id": "f468833b92bcba04d43b110f32916a4da64153ba553949ace7e451f7",
    "serp_rank": 5,
    "sub_rank": 0,
    "text": "Abortion  Clinics Near You. View Planned Parenthood health centers that provide  abortion  care and get the information you need to schedule an appointment. AGE.",
    "timestamp": null,
    "title": "Where to Get an Abortion | Find Abortion Services Near You",
    "type": "general",
    "url": "https://www.plannedparenthood.org/abortion-access"
  },
  {
    "cite": "https://www.plannedparenthood.org › boulder › aborti...",
    "cmpt_rank": 3,
    "crawl_id": null,
    "details": "",
    "lang": "en",
    "lhs_bar": false,
    "qry": "abortion provider",
    "serp_id": "f468833b92bcba04d43b110f32916a4da64153ba553949ace7e451f7",
    "serp_rank": 6,
    "sub_rank": 1,
    "text": "Abortion  Clinics, Pill, Facts, Cost, Information & Methods from Boulder. Trusted health care for nearly 100 years by Planned Parenthood.",
    "timestamp": null,
    "title": "Abortion Service in Boulder, CO - Get the Pill, Facts & Cost",
    "type": "general",
    "url": "https://www.plannedparenthood.org/health-center/colorado/boulder/80302/boulder-2488-90210/abortion"
  },
  {
    "cite": "https://prochoice.org",
    "cmpt_rank": 4,
    "crawl_id": null,
    "details": "",
    "lang": "en",
    "lhs_bar": false,
    "qry": "abortion provider",
    "serp_id": "f468833b92bcba04d43b110f32916a4da64153ba553949ace7e451f7",
    "serp_rank": 7,
    "sub_rank": 0,
    "text": "The National Abortion Federation is the professional association of  abortion providers . Join now to take advantage of the unique programs we provide.",
    "timestamp": null,
    "title": "National Abortion Federation: Home",
    "type": "general",
    "url": "https://prochoice.org/"
  },
  {
    "cmpt_rank": 5,
    "crawl_id": null,
    "details": {
      "directions": "#",
      "website": "http://www.drhern.com/"
    },
    "lang": "en",
    "lhs_bar": false,
    "qry": "abortion provider",
    "serp_id": "f468833b92bcba04d43b110f32916a4da64153ba553949ace7e451f7",
    "serp_rank": 8,
    "sub_rank": 0,
    "title": "Boulder Abortion Clinic",
    "type": "local_results",
    "url": "http://www.drhern.com/"
  },
  {
    "cmpt_rank": 5,
    "crawl_id": null,
    "details": {
      "directions": "#",
      "website": "http://www.boulderwomenshealth.org/"
    },
    "lang": "en",
    "lhs_bar": false,
    "qry": "abortion provider",
    "serp_id": "f468833b92bcba04d43b110f32916a4da64153ba553949ace7e451f7",
    "serp_rank": 9,
    "sub_rank": 1,
    "title": "Boulder Valley Women's Health Center",
    "type": "local_results",
    "url": "http://www.boulderwomenshealth.org/"
  },
  {
    "cmpt_rank": 5,
    "crawl_id": null,
    "details": {
      "directions": "#",
      "website": "https://www.plannedparenthood.org/health-center/colorado/boulder/80302/boulder-2488-90210?utm_campaign=boulder&utm_medium=organic&utm_source=local-listing"
    },
    "lang": "en",
    "lhs_bar": false,
    "qry": "abortion provider",
    "serp_id": "f468833b92bcba04d43b110f32916a4da64153ba553949ace7e451f7",
    "serp_rank": 10,
    "sub_rank": 2,
    "title": "Planned Parenthood - Boulder",
    "type": "local_results",
    "url": "https://www.plannedparenthood.org/health-center/colorado/boulder/80302/boulder-2488-90210?utm_campaign=boulder&utm_medium=organic&utm_source=local-listing"
  },
  {
    "cite": "https://abortioncarenetwork.org › abortion-care-provi...",
    "cmpt_rank": 6,
    "crawl_id": null,
    "details": "",
    "lang": "en",
    "lhs_bar": false,
    "qry": "abortion provider",
    "serp_id": "f468833b92bcba04d43b110f32916a4da64153ba553949ace7e451f7",
    "serp_rank": 11,
    "sub_rank": 0,
    "text": "Abortion  Care Network (ACN) is an independent  abortion  care network helping three out of five clinics in The United States of America.",
    "timestamp": null,
    "title": "Abortion Care Providers",
    "type": "general",
    "url": "https://abortioncarenetwork.org/abortion-care-providers/"
  },
  {
    "cite": "https://www.guttmacher.org › state-policy › explore",
    "cmpt_rank": 7,
    "crawl_id": null,
    "details": "",
    "lang": "en",
    "lhs_bar": false,
    "qry": "abortion provider",
    "serp_id": "f468833b92bcba04d43b110f32916a4da64153ba553949ace7e451f7",
    "serp_rank": 12,
    "sub_rank": 0,
    "text": "While all  abortion  regulations apply to  abortion  clinics, some go so far as to apply to physicians' offices where  abortions  are performed or even to sites where ...",
    "timestamp": null,
    "title": "Targeted Regulation of Abortion Providers",
    "type": "general",
    "url": "https://www.guttmacher.org/state-policy/explore/targeted-regulation-abortion-providers"
  },
  {
    "cite": "https://www.noisefornow.org/resources",
    "cmpt_rank": 8,
    "crawl_id": null,
    "details": null,
    "lang": "en",
    "lhs_bar": false,
    "qry": "abortion provider",
    "serp_id": "f468833b92bcba04d43b110f32916a4da64153ba553949ace7e451f7",
    "serp_rank": 13,
    "sub_rank": 0,
    "sub_type": "standard",
    "text": "Get the information and resources you need. Learn about the  abortion  laws in your state! Reproductive rights matter. Learn about the  abortion  funds and resources in your area.",
    "title": "Find a Clinic - Abortion Resources",
    "type": "ad",
    "url": "/aclk?sa=l&ai=DChcSEwjDr_-s447_AhX3LdQBHQ--BnQYABABGgJvYQ&sig=AOD64_2RjxPmB45WMM8AM2IKXx-BzaYPHQ&adurl=&q="
  }
]
