[
  {
    "cite": "https://info.carafem.org/",
    "cmpt_rank": 0,
    "crawl_id": null,
    "details": [
      {
        "text": "Several insurance plans accepted. Schedule an appointment now!",
        "title": "Appointments & Cost",
        "url": "https://carafem.org/cost/"
      },
      {
        "text": "At home with 24/7 medical support. From $0 - $199",
        "title": "Abortion Pill",
        "url": "https://carafem.org/abortion-pill/"
      },
      {
        "text": "Medically supported at home care. Available in some states.",
        "title": "Abortion Pills Online",
        "url": "https://m.carafem.org/schedules/"
      },
      {
        "text": "Can I get an abortion at carafem? Offering options up to 13 weeks.",
        "title": "Eligibility Calculator",
        "url": "https://carafem.org/calculator/"
      }
    ],
    "lang": "en",
    "lhs_bar": false,
    "qry": "abortion nearby",
    "serp_id": "f468833b92bcba04d43b110f32916a4da64153ba553949ace7e451f7",
    "serp_rank": 0,
    "sub_rank": 0,
    "sub_type": "submenu",
    "text": "It's simple! Receive  abortion  pills after an online consultation. No appointment required. From $0 - $199. Get high quality at home  abortion  pills from a trusted medical provider.",
    "title": "Abortion Pills Colorado - Fast Free Shipping in 1-4 Days",
    "type": "ad",
    "url": "/aclk?sa=l&ai=DChcSEwirgcWp447_AhU5QH8AHRuOCTQYABAAGgJvYQ&sig=AOD64_3ZE6YKQYP8GV9AXa1OH_FMaokWsQ&adurl=&q="
  },
  {
    "cite": "https://www.justthepill.com/",
    "cmpt_rank": 0,
    "crawl_id": null,
    "details": null,
    "lang": "en",
    "lhs_bar": false,
    "qry": "abortion nearby",
    "serp_id": "f468833b92bcba04d43b110f32916a4da64153ba553949ace7e451f7",
    "serp_rank": 1,
    "sub_rank": 1,
    "sub_type": "standard",
    "text": "Abortion  By Mail With Expert Care & Support. Get Free Private Consultation & Order Online. Get  Abortion  Medication That Is Safe, Convenient & Mailed To You - Free Private Consult.",
    "title": "Abortion Pill Delivery - Same-Day Appointment",
    "type": "ad",
    "url": "/aclk?sa=l&ai=DChcSEwirgcWp447_AhU5QH8AHRuOCTQYABABGgJvYQ&sig=AOD64_26pORjVaNGJC_x6ahH8HDVYDuUNg&adurl=&q="
  },
  {
    "cite": "https://www.plannedparenthood.org › abortion-access",
    "cmpt_rank": 1,
    "crawl_id": null,
    "details": "",
    "lang": "en",
    "lhs_bar": false,
    "qry": "abortion nearby",
    "serp_id": "f468833b92bcba04d43b110f32916a4da64153ba553949ace7e451f7",
    "serp_rank": 2,
    "sub_rank": 0,
    "text": "Abortion  Clinics Near You. View Planned Parenthood health centers that provide  abortion  care and get the information you need to schedule an appointment. AGE.",
    "timestamp": null,
    "title": "Where to Get an Abortion | Find Abortion Services Near You",
    "type": "general",
    "url": "https://www.plannedparenthood.org/abortion-access"
  },
  {
    "cite": "https://www.plannedparenthood.org › boulder › aborti...",
    "cmpt_rank": 1,
    "crawl_id": null,
    "details": "",
    "lang": "en",
    "lhs_bar": false,
    "qry": "abortion nearby",
    "serp_id": "f468833b92bcba04d43b110f32916a4da64153ba553949ace7e451f7",
    "serp_rank": 3,
    "sub_rank": 1,
    "text": "Abortion  Clinics, Pill, Facts, Cost, Information & Methods from Boulder. Trusted health care for nearly 100 years by Planned Parenthood.",
    "timestamp": null,
    "title": "Abortion Service in Boulder, CO - Get the Pill, Facts & Cost",
    "type": "general",
    "url": "https://www.plannedparenthood.org/health-center/colorado/boulder/80302/boulder-2488-90210/abortion"
  },
  {
    "cmpt_rank": 2,
    "crawl_id": null,
    "details": {
      "directions": "#",
      "website": "http://www.drhern.com/"
    },
    "lang": "en",
    "lhs_bar": false,
    "qry": "abortion nearby",
    "serp_id": "f468833b92bcba04d43b110f32916a4da64153ba553949ace7e451f7",
    "serp_rank": 4,
    "sub_rank": 0,
    "title": "Boulder Abortion Clinic",
    "type": "local_results",
    "url": "http://www.drhern.com/"
  },
  {
    "cmpt_rank": 2,
    "crawl_id": null,
    "details": {
      "directions": "#",
      "website": "https://www.plannedparenthood.org/health-center/colorado/boulder/80302/boulder-2488-90210?utm_campaign=boulder&utm_medium=organic&utm_source=local-listing"
    },
    "lang": "en",
    "lhs_bar": false,
    "qry": "abortion nearby",
    "serp_id": "f468833b92bcba04d43b110f32916a4da64153ba553949ace7e451f7",
    "serp_rank": 5,
    "sub_rank": 1,
    "title": "Planned Parenthood - Boulder",
    "type": "local_results",
    "url": "https://www.plannedparenthood.org/health-center/colorado/boulder/80302/boulder-2488-90210?utm_campaign=boulder&utm_medium=organic&utm_source=local-listing"
  },
  {
    "cmpt_rank": 2,
    "crawl_id": null,
    "details": {
      "directions": "#",
      "website": "http://www.boulderwomenshealth.org/"
    },
    "lang": "en",
    "lhs_bar": false,
    "qry": "abortion nearby",
    "serp_id": "f468833b92bcba04d43b110f32916a4da64153ba553949ace7e451f7",
    "serp_rank": 6,
    "sub_rank": 2,
    "title": "Boulder Valley Women's Health Center",
    "type": "local_results",
    "url": "http://www.boulderwomenshealth.org/"
  },
  {
    "cite": "https://www.drhern.com › contact-us",
    "cmpt_rank": 3,
    "crawl_id": null,
    "details": "",
    "lang": "en",
    "lhs_bar": false,
    "qry": "abortion nearby",
    "serp_id": "f468833b92bcba04d43b110f32916a4da64153ba553949ace7e451f7",
    "serp_rank": 7,
    "sub_rank": 0,
    "text": "Contact Us at Boulder  Abortion  Clinic, Dr. Hern specializes in fetal disorders, complications, fetal demise, and severe medical problems.",
    "timestamp": null,
    "title": "Contact Us | Boulder Abortion Clinic | Dr. Warren Hern, ...",
    "type": "general",
    "url": "https://www.drhern.com/contact-us/"
  },
  {
    "cite": "https://www.drhern.com",
    "cmpt_rank": 3,
    "crawl_id": null,
    "details": "",
    "lang": "en",
    "lhs_bar": false,
    "qry": "abortion nearby",
    "serp_id": "f468833b92bcba04d43b110f32916a4da64153ba553949ace7e451f7",
    "serp_rank": 8,
    "sub_rank": 1,
    "text": "Boulder  Abortion  Clinic, Dr. Warren Hern specializes in fetal anomaly abortions. Late  abortion  care, second & third trimester  abortion  in CO.",
    "timestamp": null,
    "title": "Boulder Abortion Clinic",
    "type": "general",
    "url": "https://www.drhern.com/"
  },
  {
    "cite": "https://www.abortionfinder.org",
    "cmpt_rank": 4,
    "crawl_id": null,
    "details": "",
    "lang": "en",
    "lhs_bar": false,
    "qry": "abortion nearby",
    "serp_id": "f468833b92bcba04d43b110f32916a4da64153ba553949ace7e451f7",
    "serp_rank": 9,
    "sub_rank": 0,
    "text": "Quickly search the largest directory of trusted  abortion  providers in the U.S. Updated weekly.",
    "timestamp": null,
    "title": "Where Can I Get an Abortion? | U.S. Abortion Clinic Locator",
    "type": "general",
    "url": "https://www.abortionfinder.org/"
  },
  {
    "cite": "https://www.abortionfinder.org › abortion-guides-by-s...",
    "cmpt_rank": 4,
    "crawl_id": null,
    "details": "",
    "lang": "en",
    "lhs_bar": false,
    "qry": "abortion nearby",
    "serp_id": "f468833b92bcba04d43b110f32916a4da64153ba553949ace7e451f7",
    "serp_rank": 10,
    "sub_rank": 1,
    "text": "State-by-State Guide. Select your state to get information about what to expect and to locate  abortion  support resources and assistance. Select Your State.",
    "timestamp": null,
    "title": "State by State Guides to Abortion",
    "type": "general",
    "url": "https://www.abortionfinder.org/abortion-guides-by-state"
  },
  {
    "cite": "https://www.mapquest.com › ... › Colorado › Boulder",
    "cmpt_rank": 5,
    "crawl_id": null,
    "details": "",
    "lang": "en",
    "lhs_bar": false,
    "qry": "abortion nearby",
    "serp_id": "f468833b92bcba04d43b110f32916a4da64153ba553949ace7e451f7",
    "serp_rank": 11,
    "sub_rank": 0,
    "text": "Get directions, reviews and information for Boulder  Abortion  Clinic PC in Boulder, CO. You can also find other Doctors on MapQuest.",
    "timestamp": null,
    "title": "Boulder Abortion Clinic PC, 1130 Alpine Ave ...",
    "type": "general",
    "url": "https://www.mapquest.com/us/colorado/boulder-abortion-clinic-pc-10011192"
  },
  {
    "cite": "https://states.guttmacher.org",
    "cmpt_rank": 6,
    "crawl_id": null,
    "details": "",
    "lang": "en",
    "lhs_bar": false,
    "qry": "abortion nearby",
    "serp_id": "f468833b92bcba04d43b110f32916a4da64153ba553949ace7e451f7",
    "serp_rank": 12,
    "sub_rank": 0,
    "text": "The map also shows which states are unlikely to ban  abortion  and would have the nearest clinic for people driving from states where  abortion  is banned.",
    "timestamp": null,
    "title": "If Roe v. Wade Falls: Travel Distance for People Seeking ...",
    "type": "general",
    "url": "https://states.guttmacher.org/"
  },
  {
    "cite": "https://www.healthline.com › ... › Sexual Health",
    "cmpt_rank": 7,
    "crawl_id": null,
    "details": "",
    "lang": "en",
    "lhs_bar": false,
    "qry": "abortion nearby",
    "serp_id": "f468833b92bcba04d43b110f32916a4da64153ba553949ace7e451f7",
    "serp_rank": 13,
    "sub_rank": 0,
    "text": "After that, it's only legal if your health or life is in danger or there's a fetal anomaly. Restrictions. Parental consent. The legal guardian of a minor must ...",
    "timestamp": null,
    "title": "How to Access an Abortion in Each State",
    "type": "general",
    "url": "https://www.healthline.com/health/healthy-sex/how-to-get-legal-abortion-near-me"
  },
  {
    "cite": "https://www.cnn.com › interactive › abortion-laws-access...",
    "cmpt_rank": 8,
    "crawl_id": null,
    "details": "",
    "lang": "en",
    "lhs_bar": false,
    "qry": "abortion nearby",
    "serp_id": "f468833b92bcba04d43b110f32916a4da64153ba553949ace7e451f7",
    "serp_rank": 14,
    "sub_rank": 0,
    "text": "Jun 30, 2022  —  In a post-Roe America, 112 million residents face at least a 3.5 hour drive to the nearest  abortion  clinic, according to a CNN analysis.",
    "timestamp": "Jun 30, 2022",
    "title": "What abortion access looks like in your state",
    "type": "general",
    "url": "https://www.cnn.com/interactive/2022/us/abortion-laws-access-by-state/index.html"
  },
  {
    "cite": "https://www.heyjane.com/",
    "cmpt_rank": 9,
    "crawl_id": null,
    "details": null,
    "lang": "en",
    "lhs_bar": false,
    "qry": "abortion nearby",
    "serp_id": "f468833b92bcba04d43b110f32916a4da64153ba553949ace7e451f7",
    "serp_rank": 15,
    "sub_rank": 0,
    "sub_type": "standard",
    "text": "No need to leave home for  abortion  care. FDA-approved meds shipped discreetly to your door.  Abortion  care on your schedule, from the comfort of your home. Meds delivered to...",
    "title": "Ships Discreetly to Your Door - Abortion Pill Delivery",
    "type": "ad",
    "url": "/aclk?sa=l&ai=DChcSEwirgcWp447_AhU5QH8AHRuOCTQYABACGgJvYQ&sig=AOD64_1ZVYt4di01uizf3PjUw2tqbOFB2w&adurl=&q="
  }
]
