# serializer version: 1
# name: test_serp_1684837514_is_correct
  '''
  [
      {
          "type": "top_stories",
          "sub_rank": 0,
          "title": "Texas Forced This Woman to Give Birth  | to a Stillborn Son. She\u2019s Suing | 15 hours ago",
          "url": "https://www.rollingstone.com/politics/politics-features/texas-abortion-ban-forced-birth-1234739485/",
          "cite": null,
          "timestamp": null,
          "details": {
              "img_url": null,
              "orient": "h",
              "live_stamp": false
          },
          "cmpt_rank": 0,
          "serp_rank": 0,
          "crawl_id": null,
          "serp_id": "f468833b92bcba04d43b110f32916a4da64153ba553949ace7e451f7",
          "qry": "abortion",
          "lang": "en",
          "lhs_bar": false
      },
      {
          "type": "top_stories",
          "sub_rank": 1,
          "title": "NPR | More women sue Texas  | saying the state's anti- | abortion laws harmed them | 20 hours ago",
          "url": "https://www.npr.org/2023/05/22/1177425651/texas-women-sue-abortion",
          "cite": null,
          "timestamp": null,
          "details": {
              "img_url": null,
              "orient": "h",
              "live_stamp": false
          },
          "cmpt_rank": 0,
          "serp_rank": 1,
          "crawl_id": null,
          "serp_id": "f468833b92bcba04d43b110f32916a4da64153ba553949ace7e451f7",
          "qry": "abortion",
          "lang": "en",
          "lhs_bar": false
      },
      {
          "type": "top_stories",
          "sub_rank": 2,
          "title": "Yahoo News | More women sue Texas,  | asking court to put  | emergency block on state's \nabortion law | 21 hours ago",
          "url": "https://news.yahoo.com/more-women-sue-texas-asking-123339247.html",
          "cite": null,
          "timestamp": null,
          "details": {
              "img_url": null,
              "orient": "h",
              "live_stamp": false
          },
          "cmpt_rank": 0,
          "serp_rank": 2,
          "crawl_id": null,
          "serp_id": "f468833b92bcba04d43b110f32916a4da64153ba553949ace7e451f7",
          "qry": "abortion",
          "lang": "en",
          "lhs_bar": false
      },
      {
          "type": "top_stories",
          "sub_rank": 3,
          "title": "AP News | Nebraska governor  | signs 12-week abortion  | ban, limits on gender-affirming \ncare for minors | 18 hours ago",
          "url": "https://apnews.com/article/transgender-health-care-abortion-ban-nebraska-1a88067bf403559116df7c09e004e472",
          "cite": null,
          "timestamp": null,
          "details": {
              "img_url": null,
              "orient": "h",
              "live_stamp": false
          },
          "cmpt_rank": 0,
          "serp_rank": 3,
          "crawl_id": null,
          "serp_id": "f468833b92bcba04d43b110f32916a4da64153ba553949ace7e451f7",
          "qry": "abortion",
          "lang": "en",
          "lhs_bar": false
      },
      {
          "type": "top_stories",
          "sub_rank": 4,
          "title": "Oregon Capital Chronicle | Here's what Oregon's  | controversial abortion,  | gender-affirming care bill \nwould do \u2013 Oregon Capital Chronicle | 21 hours ago",
          "url": "https://oregoncapitalchronicle.com/2023/05/22/heres-what-oregons-controversial-abortion-gender-affirming-care-bill-would-do/",
          "cite": null,
          "timestamp": null,
          "details": {
              "img_url": null,
              "orient": "h",
              "live_stamp": false
          },
          "cmpt_rank": 0,
          "serp_rank": 4,
          "crawl_id": null,
          "serp_id": "f468833b92bcba04d43b110f32916a4da64153ba553949ace7e451f7",
          "qry": "abortion",
          "lang": "en",
          "lhs_bar": false
      },
      {
          "type": "top_stories",
          "sub_rank": 5,
          "title": "USA Today | Tuberville abortion  | policy fight threatens US  | security, Pentagon says | 1 hour ago",
          "url": "https://www.usatoday.com/story/news/politics/2023/05/23/senator-tommy-tuberville-abortion-national-security/70232023007/",
          "cite": null,
          "timestamp": null,
          "details": {
              "img_url": null,
              "orient": "h",
              "live_stamp": false
          },
          "cmpt_rank": 0,
          "serp_rank": 5,
          "crawl_id": null,
          "serp_id": "f468833b92bcba04d43b110f32916a4da64153ba553949ace7e451f7",
          "qry": "abortion",
          "lang": "en",
          "lhs_bar": false
      },
      {
          "type": "top_stories",
          "sub_rank": 6,
          "title": "NPR | Doctors are reluctant to  | practice in states that  | banned abortion : Shots - \nHealth News | 1 hour ago",
          "url": "https://www.npr.org/sections/health-shots/2023/05/23/1177542605/abortion-bans-drive-off-doctors-and-put-other-health-care-at-risk",
          "cite": null,
          "timestamp": null,
          "details": {
              "img_url": null,
              "orient": "h",
              "live_stamp": false
          },
          "cmpt_rank": 0,
          "serp_rank": 6,
          "crawl_id": null,
          "serp_id": "f468833b92bcba04d43b110f32916a4da64153ba553949ace7e451f7",
          "qry": "abortion",
          "lang": "en",
          "lhs_bar": false
      },
      {
          "type": "perspectives",
          "sub_rank": 0,
          "title": "Michelle Goldberg | The New York Times | Opinion | You Cannot  | Hear These 13  | Women's Stories and  | Believe the \nAnti-Abortion Narrative | It's increasingly clear that  | it's not safe to be pregnant  | in states with \ntotal abortion bans. Since the end of Roe v. | . | 11 hours ago",
          "url": "https://www.nytimes.com/2023/05/22/opinion/abortion-law-texas-lawsuit.html",
          "cite": null,
          "text": "It's increasingly clear that  it's not safe to be pregnant  in states with \ntotal abortion bans. Since the end of Roe v.",
          "timestamp": null,
          "details": {
              "img_url": null,
              "orient": "h",
              "live_stamp": false
          },
          "cmpt_rank": 1,
          "serp_rank": 7,
          "crawl_id": null,
          "serp_id": "f468833b92bcba04d43b110f32916a4da64153ba553949ace7e451f7",
          "qry": "abortion",
          "lang": "en",
          "lhs_bar": false
      },
      {
          "type": "perspectives",
          "sub_rank": 1,
          "title": "Jill Filipovic | Substack | New Study: Abortion  | Bans Endanger  | Women's Lives | Where abortion is  | outlawed, women receive  | substandard healthcare.  | Some are \nfighting back. | . | 16 hours ago",
          "url": "https://jill.substack.com/p/new-study-abortion-bans-endanger",
          "cite": null,
          "text": "Where abortion is  outlawed, women receive  substandard healthcare.  Some are \nfighting back.",
          "timestamp": null,
          "details": {
              "img_url": null,
              "orient": "h",
              "live_stamp": false
          },
          "cmpt_rank": 1,
          "serp_rank": 8,
          "crawl_id": null,
          "serp_id": "f468833b92bcba04d43b110f32916a4da64153ba553949ace7e451f7",
          "qry": "abortion",
          "lang": "en",
          "lhs_bar": false
      },
      {
          "type": "perspectives",
          "sub_rank": 2,
          "title": "Sarah Green Carmichael, Lisa Jarvis | Bloomberg.com | Yet Another Bad Week  | for Abortion Rights in  | the US | Judges on the 5th Circuit  | appeared worryingly  | comfortable challenging  | the \nexpertise of FDA scientists. | . | 1 day ago",
          "url": "https://www.bloomberg.com/opinion/articles/2023-05-21/yet-another-bad-week-for-abortion-rights-in-the-us",
          "cite": null,
          "text": "Judges on the 5th Circuit  appeared worryingly  comfortable challenging  the \nexpertise of FDA scientists.",
          "timestamp": null,
          "details": {
              "img_url": null,
              "orient": "h",
              "live_stamp": false
          },
          "cmpt_rank": 1,
          "serp_rank": 9,
          "crawl_id": null,
          "serp_id": "f468833b92bcba04d43b110f32916a4da64153ba553949ace7e451f7",
          "qry": "abortion",
          "lang": "en",
          "lhs_bar": false
      },
      {
          "type": "knowledge",
          "sub_rank": 0,
          "subtype": "panel",
          "details": {
              "heading": "People also ask",
              "urls": [
                  {
                      "url": "https://en.wikipedia.org/wiki/Abortion",
                      "text": "Wikipedia"
                  }
              ],
              "text": "Choose what you\u2019re giving feedback on|general feedback|Abortion|Abortion|Abortion is the termination of a pregnancy by removal or expulsion of an embryo or fetus. An abortion that occurs without intervention is known as a miscarriage or \"spontaneous abortion\"; these occur in approximately 30% to 40% of all pregnancies.| |Wikipedia|:|Induced miscarriage, termination of pregnancy|Induced miscarriage, termination of pregnancy|:|10A0|10A0|:|779.6|779.6|Feedback|Feedback|Feedback|Feedback|People also ask|People also ask|People also ask|You will see more English now.|You will see more English now.|You will see more English now.|You will see more English now.|You will see more English now.|What is abortion in medical term?|What is abortion in medical term?|What is abortion in medical term?|What is missed abortion?|What is missed abortion?|What is missed abortion?|What is the legal definition of abortion?|What is the legal definition of abortion?|What is the legal definition of abortion?|What are the different classification of abortion?|What are the different classification of abortion?|What are the different classification of abortion?|Feedback",
              "img_url": null
          },
          "cmpt_rank": 2,
          "serp_rank": 10,
          "crawl_id": null,
          "serp_id": "f468833b92bcba04d43b110f32916a4da64153ba553949ace7e451f7",
          "qry": "abortion",
          "lang": "en",
          "lhs_bar": false
      },
      {
          "type": "general",
          "sub_rank": 0,
          "title": "Abortion",
          "url": "https://www.who.int/news-room/fact-sheets/detail/abortion",
          "cite": "https://www.who.int \u203a Newsroom \u203a Fact sheets \u203a Detail",
          "details": "",
          "text": "Nov 25, 2021  \u2014  Abortion  is a common health intervention. It is safe when carried out using a method recommended by WHO, appropriate to the pregnancy\u00a0...",
          "timestamp": "Nov 25, 2021",
          "cmpt_rank": 3,
          "serp_rank": 11,
          "crawl_id": null,
          "serp_id": "f468833b92bcba04d43b110f32916a4da64153ba553949ace7e451f7",
          "qry": "abortion",
          "lang": "en",
          "lhs_bar": false
      },
      {
          "type": "local_results",
          "sub_rank": 0,
          "title": "Boulder Valley Women's Health Center",
          "details": {
              "website": "http://www.boulderwomenshealth.org/",
              "directions": "#"
          },
          "url": "http://www.boulderwomenshealth.org/",
          "cmpt_rank": 4,
          "serp_rank": 12,
          "crawl_id": null,
          "serp_id": "f468833b92bcba04d43b110f32916a4da64153ba553949ace7e451f7",
          "qry": "abortion",
          "lang": "en",
          "lhs_bar": false
      },
      {
          "type": "local_results",
          "sub_rank": 1,
          "title": "Planned Parenthood - Boulder",
          "details": {
              "website": "https://www.plannedparenthood.org/health-center/colorado/boulder/80302/boulder-2488-90210?utm_campaign=boulder&utm_medium=organic&utm_source=local-listing",
              "directions": "#"
          },
          "url": "https://www.plannedparenthood.org/health-center/colorado/boulder/80302/boulder-2488-90210?utm_campaign=boulder&utm_medium=organic&utm_source=local-listing",
          "cmpt_rank": 4,
          "serp_rank": 13,
          "crawl_id": null,
          "serp_id": "f468833b92bcba04d43b110f32916a4da64153ba553949ace7e451f7",
          "qry": "abortion",
          "lang": "en",
          "lhs_bar": false
      },
      {
          "type": "local_results",
          "sub_rank": 2,
          "title": "Boulder Abortion Clinic",
          "details": {
              "website": "http://www.drhern.com/",
              "directions": "#"
          },
          "url": "http://www.drhern.com/",
          "cmpt_rank": 4,
          "serp_rank": 14,
          "crawl_id": null,
          "serp_id": "f468833b92bcba04d43b110f32916a4da64153ba553949ace7e451f7",
          "qry": "abortion",
          "lang": "en",
          "lhs_bar": false
      },
      {
          "type": "general",
          "sub_rank": 0,
          "title": "Abortion Information | Information About Your Options",
          "url": "https://www.plannedparenthood.org/learn/abortion",
          "cite": "https://www.plannedparenthood.org \u203a learn \u203a abortion",
          "details": "",
          "text": "Abortion  is a safe and legal way to end a pregnancy. Learning more about  abortion  methods and options can help you decide if it is the right choice for you.",
          "timestamp": null,
          "cmpt_rank": 5,
          "serp_rank": 15,
          "crawl_id": null,
          "serp_id": "f468833b92bcba04d43b110f32916a4da64153ba553949ace7e451f7",
          "qry": "abortion",
          "lang": "en",
          "lhs_bar": false
      },
      {
          "type": "general",
          "sub_rank": 0,
          "title": "What is Abortion?",
          "url": "https://www.bpas.org/abortion-care/considering-abortion/what-is-abortion/",
          "cite": "https://www.bpas.org \u203a considering-abortion \u203a what-is...",
          "details": "",
          "text": "An  abortion  is when the pregnancy is ended so that it does not result in the birth of a child. Sometimes this is called 'termination of pregnancy'.",
          "timestamp": null,
          "cmpt_rank": 6,
          "serp_rank": 16,
          "crawl_id": null,
          "serp_id": "f468833b92bcba04d43b110f32916a4da64153ba553949ace7e451f7",
          "qry": "abortion",
          "lang": "en",
          "lhs_bar": false
      },
      {
          "type": "general",
          "sub_rank": 0,
          "title": "Abortion",
          "url": "https://en.wikipedia.org/wiki/Abortion",
          "cite": "https://en.wikipedia.org \u203a wiki \u203a Abortion",
          "details": "",
          "text": "An  abortion  that occurs without intervention is known as a miscarriage or \"spontaneous  abortion \"; these occur in approximately 30% to 40% of all pregnancies.",
          "timestamp": null,
          "cmpt_rank": 7,
          "serp_rank": 17,
          "crawl_id": null,
          "serp_id": "f468833b92bcba04d43b110f32916a4da64153ba553949ace7e451f7",
          "qry": "abortion",
          "lang": "en",
          "lhs_bar": false
      },
      {
          "type": "general",
          "sub_rank": 0,
          "title": "The World's Abortion Laws",
          "url": "https://reproductiverights.org/maps/worlds-abortion-laws/",
          "cite": "https://reproductiverights.org \u203a Maps",
          "details": "",
          "text": "The World  Abortion  Laws Map is the definitive record of the legal status of  abortion  in countries across the globe. Since 1998, the Center for.",
          "timestamp": null,
          "cmpt_rank": 8,
          "serp_rank": 18,
          "crawl_id": null,
          "serp_id": "f468833b92bcba04d43b110f32916a4da64153ba553949ace7e451f7",
          "qry": "abortion",
          "lang": "en",
          "lhs_bar": false
      },
      {
          "type": "videos",
          "sub_rank": 0,
          "url": "https://www.youtube.com/watch?v=IJHkjZfXMNY",
          "title": "Rep. Deborah Ross: North Carolina abortion ban turns the ...YouTube \u00b7 MSNBC6 minutes, 10 seconds1 day ago",
          "cite": null,
          "timestamp": null,
          "details": {
              "img_url": null,
              "key_moments": false
          },
          "cmpt_rank": 9,
          "serp_rank": 19,
          "crawl_id": null,
          "serp_id": "f468833b92bcba04d43b110f32916a4da64153ba553949ace7e451f7",
          "qry": "abortion",
          "lang": "en",
          "lhs_bar": false
      },
      {
          "type": "videos",
          "sub_rank": 1,
          "url": "https://www.youtube.com/watch?v=g-BqlQegH5Q",
          "title": "Byron Donalds sidesteps his stance on six-week abortion ban ...YouTube \u00b7 NBC News1 minute, 45 seconds1 day ago",
          "cite": null,
          "timestamp": null,
          "details": {
              "img_url": null,
              "key_moments": false
          },
          "cmpt_rank": 9,
          "serp_rank": 20,
          "crawl_id": null,
          "serp_id": "f468833b92bcba04d43b110f32916a4da64153ba553949ace7e451f7",
          "qry": "abortion",
          "lang": "en",
          "lhs_bar": false
      },
      {
          "type": "videos",
          "sub_rank": 2,
          "url": "https://www.youtube.com/watch?v=Xgq-NMPqsbY",
          "title": "Full Panel: Biden is 'testing the waters' using abortion issue to ...YouTube \u00b7 NBC News7 minutes, 46 seconds1 day ago",
          "cite": null,
          "timestamp": null,
          "details": {
              "img_url": null,
              "key_moments": false
          },
          "cmpt_rank": 9,
          "serp_rank": 21,
          "crawl_id": null,
          "serp_id": "f468833b92bcba04d43b110f32916a4da64153ba553949ace7e451f7",
          "qry": "abortion",
          "lang": "en",
          "lhs_bar": false
      },
      {
          "type": "general",
          "sub_rank": 0,
          "title": "Medical Abortion",
          "url": "https://medlineplus.gov/abortion.html",
          "cite": "https://medlineplus.gov \u203a Health Topics",
          "details": "",
          "text": "Aug 5, 2022  \u2014  An  abortion  is a medical procedure to end a pregnancy. It uses medicine or surgery to remove the embryo or fetus and placenta from the\u00a0...",
          "timestamp": "Aug 5, 2022",
          "cmpt_rank": 10,
          "serp_rank": 22,
          "crawl_id": null,
          "serp_id": "f468833b92bcba04d43b110f32916a4da64153ba553949ace7e451f7",
          "qry": "abortion",
          "lang": "en",
          "lhs_bar": false
      },
      {
          "type": "general",
          "sub_rank": 0,
          "title": "CDCs Abortion Surveillance System FAQs",
          "url": "https://www.cdc.gov/reproductivehealth/data_stats/abortion.htm",
          "cite": "https://www.cdc.gov \u203a reproductivehealth \u203a data_stats",
          "details": "",
          "text": "Among 48 reporting areas with data each year during 2011\u20132020, in 2020, a total of 615,911 abortions were reported, the  abortion  rate was 11.2 abortions per\u00a0...",
          "timestamp": null,
          "cmpt_rank": 11,
          "serp_rank": 23,
          "crawl_id": null,
          "serp_id": "f468833b92bcba04d43b110f32916a4da64153ba553949ace7e451f7",
          "qry": "abortion",
          "lang": "en",
          "lhs_bar": false
      },
      {
          "type": "people_also_ask",
          "sub_rank": 0,
          "details": null,
          "cmpt_rank": 12,
          "serp_rank": 24,
          "crawl_id": null,
          "serp_id": "f468833b92bcba04d43b110f32916a4da64153ba553949ace7e451f7",
          "qry": "abortion",
          "lang": "en",
          "lhs_bar": false
      },
      {
          "type": "searches_related",
          "sub_rank": 1,
          "details": [
              {
                  "text": "long-term effects of unsafe abortion",
                  "url": "/search?q=long-term+effects+of+unsafe+abortion&sa=X&ved=2ahUKEwiT54ngnIv_AhX1lGoFHSMFB80Q1QJ6BAhuEAE"
              },
              {
                  "text": "causes of abortion in teenage",
                  "url": "/search?q=Causes+of+abortion+in+teenage&sa=X&ved=2ahUKEwiT54ngnIv_AhX1lGoFHSMFB80Q1QJ6BAhtEAE"
              },
              {
                  "text": "7 types of abortion ppt",
                  "url": "/search?q=7+types+of+abortion+ppt&sa=X&ved=2ahUKEwiT54ngnIv_AhX1lGoFHSMFB80Q1QJ6BAhqEAE"
              },
              {
                  "text": "types of abortion nursing",
                  "url": "/search?q=Types+of+abortion+nursing&sa=X&ved=2ahUKEwiT54ngnIv_AhX1lGoFHSMFB80Q1QJ6BAhmEAE"
              },
              {
                  "text": "what is abortion brainly",
                  "url": "/search?q=What+is+abortion+Brainly&sa=X&ved=2ahUKEwiT54ngnIv_AhX1lGoFHSMFB80Q1QJ6BAhjEAE"
              },
              {
                  "text": "safe abortion care",
                  "url": "/search?q=Safe+abortion+care&sa=X&ved=2ahUKEwiT54ngnIv_AhX1lGoFHSMFB80Q1QJ6BAhgEAE"
              },
              {
                  "text": "importance of abortion in public health",
                  "url": "/search?q=Importance+of+abortion+in+public+health&sa=X&ved=2ahUKEwiT54ngnIv_AhX1lGoFHSMFB80Q1QJ6BAhcEAE"
              }
          ],
          "cmpt_rank": 12,
          "serp_rank": 25,
          "crawl_id": null,
          "serp_id": "f468833b92bcba04d43b110f32916a4da64153ba553949ace7e451f7",
          "qry": "abortion",
          "lang": "en",
          "lhs_bar": false
      },
      {
          "type": "knowledge",
          "subtype": "panel_rhs",
          "sub_rank": 0,
          "title": "",
          "subtitle": "",
          "text": "Abortion is the termination of a pregnancy by removal or expulsion of an embryo or fetus. An abortion that occurs without intervention is known as a miscarriage or \"spontaneous abortion\"; these occur in approximately 30% to 40% of all pregnancies.",
          "url": "https://en.wikipedia.org/wiki/Abortion",
          "img_urls": [],
          "details": null,
          "cmpt_rank": 13,
          "serp_rank": 26,
          "crawl_id": null,
          "serp_id": "f468833b92bcba04d43b110f32916a4da64153ba553949ace7e451f7",
          "qry": "abortion",
          "lang": "en",
          "lhs_bar": false
      }
  ]
  '''
# ---
